{
  "172.16.8.1": 4,
  "172.16.8.2": 3
}
